
> cv@0.1.0 build
> next build

   Γû▓ Next.js 15.1.7
   - Environments: .env

   Creating an optimized production build ...
node.exe : Failed to compile.
Au caractère C:\Program Files\nodejs\npm.ps1:29 : 3
+   & $NODE_EXE $NPM_CLI_JS $args
+   ~~~~~~~~~~~~~~~~~~~~~~~~~~~~~
    + CategoryInfo          : NotSpecified: (Failed to compile.:String) [],  
   RemoteException
    + FullyQualifiedErrorId : NativeCommandError
 

./node_modules/react-joyride/dist/index.mjs
Attempted import error: 'unmountComponentAtNode' is not exported from 
'react-dom' (imported as 'ReactDOM').

Import trace for requested module:
./node_modules/react-joyride/dist/index.mjs
./src/app/(studio)/TourProvider.tsx

./node_modules/react-joyride/dist/index.mjs
Attempted import error: 'unstable_renderSubtreeIntoContainer' is not 
exported from 'react-dom' (imported as 'ReactDOM').

Import trace for requested module:
./node_modules/react-joyride/dist/index.mjs
./src/app/(studio)/TourProvider.tsx


> Build failed because of webpack errors
