node_modules/@types/webgl-ext/index.d.ts(53,11): error TS2717: Subsequent property declarations must have the same type.  Property 'RGBA16F_EXT' must be of type '34842', but here has type 'number'.
node_modules/@types/webgl-ext/index.d.ts(54,11): error TS2717: Subsequent property declarations must have the same type.  Property 'RGB16F_EXT' must be of type '34843', but here has type 'number'.
node_modules/@types/webgl-ext/index.d.ts(55,11): error TS2717: Subsequent property declarations must have the same type.  Property 'FRAMEBUFFER_ATTACHMENT_COMPONENT_TYPE_EXT' must be of type '33297', but here has type 'number'.
node_modules/@types/webgl-ext/index.d.ts(56,11): error TS2717: Subsequent property declarations must have the same type.  Property 'UNSIGNED_NORMALIZED_EXT' must be of type '35863', but here has type 'number'.
node_modules/@types/webgl-ext/index.d.ts(74,11): error TS2717: Subsequent property declarations must have the same type.  Property 'COMPRESSED_RGB_ETC1_WEBGL' must be of type '36196', but here has type 'number'.
node_modules/@types/webgl2/index.d.ts(582,13): error TS2403: Subsequent variable declarations must have the same type.  Variable 'WebGL2RenderingContext' must be of type '{ new (): WebGL2RenderingContext; prototype: WebGL2RenderingContext; readonly READ_BUFFER: 3074; readonly UNPACK_ROW_LENGTH: 3314; ... 556 more ...; readonly BROWSER_DEFAULT_WEBGL: 37444; }', but here has type '{ new (): WebGL2RenderingContext; prototype: WebGL2RenderingContext; readonly ACTIVE_ATTRIBUTES: number; readonly ACTIVE_TEXTURE: number; ... 557 more ...; readonly MAX_CLIENT_WAIT_TIMEOUT_WEBGL: number; }'.
node_modules/typescript/lib/lib.dom.d.ts(33804,11): error TS2430: Interface 'WebGL2RenderingContext' incorrectly extends interface 'WebGL2RenderingContextBase'.
  Types of property 'READ_BUFFER' are incompatible.
    Type 'number' is not assignable to type '3074'.
node_modules/typescript/lib/lib.dom.d.ts(33804,11): error TS2430: Interface 'WebGL2RenderingContext' incorrectly extends interface 'WebGLRenderingContext'.
  Types of property 'RGBA8' are incompatible.
    Type 'number' is not assignable to type '32856'.
node_modules/typescript/lib/lib.dom.d.ts(33804,11): error TS2430: Interface 'WebGL2RenderingContext' incorrectly extends interface 'WebGLRenderingContextBase'.
  Types of property 'RGBA8' are incompatible.
    Type 'number' is not assignable to type '32856'.
src/app/portfolio/page.tsx(4,31): error TS2307: Cannot find module '@/components/portfolio/MagazinePortfolio' or its corresponding type declarations.
src/app/portfolio/page.tsx(5,26): error TS2307: Cannot find module '@/components/portfolio/CustomCursor' or its corresponding type declarations.
src/app/portfolio/page.tsx(6,33): error TS2307: Cannot find module '@/app/GenComponents/ReadContextProvider' or its corresponding type declarations.
src/app/portfolio/page.tsx(10,5): error TS17004: Cannot use JSX unless the '--jsx' flag is provided.
src/app/portfolio/page.tsx(11,7): error TS17004: Cannot use JSX unless the '--jsx' flag is provided.
src/app/portfolio/page.tsx(12,9): error TS17004: Cannot use JSX unless the '--jsx' flag is provided.
src/app/portfolio/page.tsx(55,9): error TS17004: Cannot use JSX unless the '--jsx' flag is provided.
src/app/portfolio/page.tsx(58,9): error TS17004: Cannot use JSX unless the '--jsx' flag is provided.
src/app/portfolio/page.tsx(60,9): error TS17004: Cannot use JSX unless the '--jsx' flag is provided.
src/components/portfolio/MagazinePortfolio.tsx(5,29): error TS2307: Cannot find module '@/app/GenComponents/ReadContext' or its corresponding type declarations.
src/components/portfolio/MagazinePortfolio.tsx(41,12): error TS17004: Cannot use JSX unless the '--jsx' flag is provided.
src/components/portfolio/MagazinePortfolio.tsx(45,13): error TS2339: Property 'AnlysedCV' does not exist on type '{}'.
src/components/portfolio/MagazinePortfolio.tsx(45,24): error TS2339: Property 'isLoading' does not exist on type '{}'.
src/components/portfolio/MagazinePortfolio.tsx(63,13): error TS17004: Cannot use JSX unless the '--jsx' flag is provided.
src/components/portfolio/MagazinePortfolio.tsx(93,9): error TS17004: Cannot use JSX unless the '--jsx' flag is provided.
src/components/portfolio/MagazinePortfolio.tsx(95,13): error TS17004: Cannot use JSX unless the '--jsx' flag is provided.
src/components/portfolio/MagazinePortfolio.tsx(97,21): error TS17004: Cannot use JSX unless the '--jsx' flag is provided.
src/components/portfolio/MagazinePortfolio.tsx(103,25): error TS17004: Cannot use JSX unless the '--jsx' flag is provided.
src/components/portfolio/MagazinePortfolio.tsx(106,25): error TS17004: Cannot use JSX unless the '--jsx' flag is provided.
src/components/portfolio/MagazinePortfolio.tsx(112,13): error TS17004: Cannot use JSX unless the '--jsx' flag is provided.
src/components/portfolio/MagazinePortfolio.tsx(113,17): error TS17004: Cannot use JSX unless the '--jsx' flag is provided.
src/components/portfolio/MagazinePortfolio.tsx(116,17): error TS17004: Cannot use JSX unless the '--jsx' flag is provided.
src/components/portfolio/MagazinePortfolio.tsx(117,36): error TS17004: Cannot use JSX unless the '--jsx' flag is provided.
src/components/portfolio/MagazinePortfolio.tsx(120,17): error TS17004: Cannot use JSX unless the '--jsx' flag is provided.
src/components/portfolio/MagazinePortfolio.tsx(121,21): error TS17004: Cannot use JSX unless the '--jsx' flag is provided.
src/components/portfolio/MagazinePortfolio.tsx(130,21): error TS17004: Cannot use JSX unless the '--jsx' flag is provided.
src/components/portfolio/MagazinePortfolio.tsx(140,21): error TS17004: Cannot use JSX unless the '--jsx' flag is provided.
src/components/portfolio/MagazinePortfolio.tsx(150,17): error TS17004: Cannot use JSX unless the '--jsx' flag is provided.
src/components/portfolio/MagazinePortfolio.tsx(151,21): error TS17004: Cannot use JSX unless the '--jsx' flag is provided.
src/components/portfolio/MagazinePortfolio.tsx(157,13): error TS17004: Cannot use JSX unless the '--jsx' flag is provided.
src/components/portfolio/MagazinePortfolio.tsx(158,17): error TS17004: Cannot use JSX unless the '--jsx' flag is provided.
src/components/portfolio/MagazinePortfolio.tsx(159,21): error TS17004: Cannot use JSX unless the '--jsx' flag is provided.
src/components/portfolio/MagazinePortfolio.tsx(160,25): error TS17004: Cannot use JSX unless the '--jsx' flag is provided.
src/components/portfolio/MagazinePortfolio.tsx(162,21): error TS17004: Cannot use JSX unless the '--jsx' flag is provided.
src/components/portfolio/MagazinePortfolio.tsx(163,25): error TS17004: Cannot use JSX unless the '--jsx' flag is provided.
src/components/portfolio/MagazinePortfolio.tsx(164,25): error TS17004: Cannot use JSX unless the '--jsx' flag is provided.
src/components/portfolio/MagazinePortfolio.tsx(171,42): error TS17004: Cannot use JSX unless the '--jsx' flag is provided.
src/components/portfolio/MagazinePortfolio.tsx(173,25): error TS17004: Cannot use JSX unless the '--jsx' flag is provided.
src/components/portfolio/MagazinePortfolio.tsx(177,25): error TS17004: Cannot use JSX unless the '--jsx' flag is provided.
src/components/portfolio/MagazinePortfolio.tsx(178,29): error TS17004: Cannot use JSX unless the '--jsx' flag is provided.
src/components/portfolio/MagazinePortfolio.tsx(179,33): error TS17004: Cannot use JSX unless the '--jsx' flag is provided.
src/components/portfolio/MagazinePortfolio.tsx(180,37): error TS17004: Cannot use JSX unless the '--jsx' flag is provided.
src/components/portfolio/MagazinePortfolio.tsx(182,33): error TS17004: Cannot use JSX unless the '--jsx' flag is provided.
src/components/portfolio/MagazinePortfolio.tsx(184,29): error TS17004: Cannot use JSX unless the '--jsx' flag is provided.
src/components/portfolio/MagazinePortfolio.tsx(185,29): error TS17004: Cannot use JSX unless the '--jsx' flag is provided.
src/components/portfolio/MagazinePortfolio.tsx(186,33): error TS17004: Cannot use JSX unless the '--jsx' flag is provided.
src/components/portfolio/MagazinePortfolio.tsx(187,37): error TS17004: Cannot use JSX unless the '--jsx' flag is provided.
src/components/portfolio/MagazinePortfolio.tsx(189,33): error TS17004: Cannot use JSX unless the '--jsx' flag is provided.
src/components/portfolio/MagazinePortfolio.tsx(197,13): error TS17004: Cannot use JSX unless the '--jsx' flag is provided.
src/components/portfolio/MagazinePortfolio.tsx(198,17): error TS17004: Cannot use JSX unless the '--jsx' flag is provided.
src/components/portfolio/MagazinePortfolio.tsx(199,21): error TS17004: Cannot use JSX unless the '--jsx' flag is provided.
src/components/portfolio/MagazinePortfolio.tsx(201,29): error TS17004: Cannot use JSX unless the '--jsx' flag is provided.
src/components/portfolio/MagazinePortfolio.tsx(208,17): error TS17004: Cannot use JSX unless the '--jsx' flag is provided.
src/components/portfolio/MagazinePortfolio.tsx(214,25): error TS17004: Cannot use JSX unless the '--jsx' flag is provided.
src/components/portfolio/MagazinePortfolio.tsx(221,29): error TS17004: Cannot use JSX unless the '--jsx' flag is provided.
src/components/portfolio/MagazinePortfolio.tsx(222,33): error TS17004: Cannot use JSX unless the '--jsx' flag is provided.
src/components/portfolio/MagazinePortfolio.tsx(223,33): error TS17004: Cannot use JSX unless the '--jsx' flag is provided.
src/components/portfolio/MagazinePortfolio.tsx(225,29): error TS17004: Cannot use JSX unless the '--jsx' flag is provided.
src/components/portfolio/MagazinePortfolio.tsx(227,37): error TS17004: Cannot use JSX unless the '--jsx' flag is provided.
src/components/portfolio/MagazinePortfolio.tsx(230,38): error TS17004: Cannot use JSX unless the '--jsx' flag is provided.
src/components/portfolio/MagazinePortfolio.tsx(238,13): error TS17004: Cannot use JSX unless the '--jsx' flag is provided.
src/components/portfolio/MagazinePortfolio.tsx(239,17): error TS17004: Cannot use JSX unless the '--jsx' flag is provided.
src/components/portfolio/MagazinePortfolio.tsx(240,21): error TS17004: Cannot use JSX unless the '--jsx' flag is provided.
src/components/portfolio/MagazinePortfolio.tsx(241,21): error TS17004: Cannot use JSX unless the '--jsx' flag is provided.
src/components/portfolio/MagazinePortfolio.tsx(244,17): error TS17004: Cannot use JSX unless the '--jsx' flag is provided.
src/components/portfolio/MagazinePortfolio.tsx(246,25): error TS17004: Cannot use JSX unless the '--jsx' flag is provided.
src/components/portfolio/MagazinePortfolio.tsx(254,29): error TS17004: Cannot use JSX unless the '--jsx' flag is provided.
src/components/portfolio/MagazinePortfolio.tsx(255,33): error TS17004: Cannot use JSX unless the '--jsx' flag is provided.
src/components/portfolio/MagazinePortfolio.tsx(256,37): error TS17004: Cannot use JSX unless the '--jsx' flag is provided.
src/components/portfolio/MagazinePortfolio.tsx(257,37): error TS17004: Cannot use JSX unless the '--jsx' flag is provided.
src/components/portfolio/MagazinePortfolio.tsx(261,33): error TS17004: Cannot use JSX unless the '--jsx' flag is provided.
src/components/portfolio/MagazinePortfolio.tsx(264,33): error TS17004: Cannot use JSX unless the '--jsx' flag is provided.
src/components/portfolio/MagazinePortfolio.tsx(268,29): error TS17004: Cannot use JSX unless the '--jsx' flag is provided.
src/components/portfolio/MagazinePortfolio.tsx(269,33): error TS17004: Cannot use JSX unless the '--jsx' flag is provided.
src/components/portfolio/MagazinePortfolio.tsx(275,25): error TS17004: Cannot use JSX unless the '--jsx' flag is provided.
src/components/portfolio/MagazinePortfolio.tsx(281,13): error TS17004: Cannot use JSX unless the '--jsx' flag is provided.
src/components/portfolio/MagazinePortfolio.tsx(282,17): error TS17004: Cannot use JSX unless the '--jsx' flag is provided.
src/components/portfolio/MagazinePortfolio.tsx(284,17): error TS17004: Cannot use JSX unless the '--jsx' flag is provided.
src/components/portfolio/MagazinePortfolio.tsx(288,21): error TS17004: Cannot use JSX unless the '--jsx' flag is provided.
src/components/portfolio/MagazinePortfolio.tsx(289,21): error TS17004: Cannot use JSX unless the '--jsx' flag is provided.
src/components/portfolio/MagazinePortfolio.tsx(290,21): error TS17004: Cannot use JSX unless the '--jsx' flag is provided.
src/components/portfolio/MagazinePortfolio.tsx(300,17): error TS17004: Cannot use JSX unless the '--jsx' flag is provided.
src/components/portfolio/MagazinePortfolio.tsx(304,17): error TS17004: Cannot use JSX unless the '--jsx' flag is provided.
src/components/portfolio/MagazinePortfolio.tsx(312,17): error TS17004: Cannot use JSX unless the '--jsx' flag is provided.
src/components/portfolio/MagazinePortfolio.tsx(313,47): error TS17004: Cannot use JSX unless the '--jsx' flag is provided.
src/components/portfolio/MagazinePortfolio.tsx(314,45): error TS17004: Cannot use JSX unless the '--jsx' flag is provided.
src/components/portfolio/MagazinePortfolio.tsx(315,48): error TS17004: Cannot use JSX unless the '--jsx' flag is provided.
src/components/portfolio/MagazinePortfolio.tsx(316,21): error TS17004: Cannot use JSX unless the '--jsx' flag is provided.
src/components/portfolio/MagazinePortfolio.tsx(319,17): error TS17004: Cannot use JSX unless the '--jsx' flag is provided.
src/components/portfolio/MagazinePortfolio.tsx(324,13): error TS17004: Cannot use JSX unless the '--jsx' flag is provided.
